<html>
<body>
<pre>
<h1>µVision Build Log</h1>
<h2>Tool Versions:</h2>
IDE-Version: ¦ÌVision V5.27.1.0
Copyright (C) 2019 ARM Ltd and ARM Germany GmbH. All rights reserved.
License Information: zhouhaomin zhouhaomin, 123, LIC=NQQMA-1W2T5-302NC-788MM-WSZ4F-5QYIQ
 
Tool Versions:
Toolchain:       MDK-ARM Plus  Version: 5.0.5.0
Toolchain Path:  G:\keil\ARM\ARMCC\Bin
C Compiler:      Armcc.exe V5.03 [Build 76]
Assembler:       Armasm.exe V5.03.0.76
Linker/Locator:  ArmLink.exe V5.03.0.76
Library Manager: ArmAr.exe V5.03.0.76
Hex Converter:   FromElf.exe V5.03.0.76
CPU DLL:         SARMCM3.DLL V5.0.5.0
Dialog DLL:      DCM.DLL V1.10.0.0
Target DLL:      CMSIS_AGDI.dll V1.16.9.0
Dialog DLL:      TCM.DLL V1.14.1.0
 
<h2>Project:</h2>
C:\Users\zhouhaomin\Desktop\MPU6050\Project\RVMDK£¨uv4£©\BH-F10.uvprojx
Project File Date:  10/20/2021

<h2>Output:</h2>
*** Using Compiler 'V5.03 [Build 76]', folder: 'G:\keil\ARM\ARMCC\Bin'
Rebuild target 'MPU'
assembling startup_stm32f10x_hd.s...
compiling stm32f10x_bkp.c...
compiling stm32f10x_can.c...
compiling misc.c...
compiling system_stm32f10x.c...
compiling stm32f10x_cec.c...
compiling stm32f10x_crc.c...
compiling stm32f10x_dac.c...
compiling stm32f10x_adc.c...
compiling core_cm3.c...
compiling stm32f10x_dbgmcu.c...
compiling stm32f10x_dma.c...
compiling stm32f10x_exti.c...
compiling stm32f10x_pwr.c...
compiling stm32f10x_iwdg.c...
compiling stm32f10x_gpio.c...
compiling stm32f10x_fsmc.c...
compiling stm32f10x_i2c.c...
compiling stm32f10x_flash.c...
compiling stm32f10x_rcc.c...
compiling stm32f10x_rtc.c...
compiling stm32f10x_sdio.c...
compiling stm32f10x_wwdg.c...
compiling stm32f10x_spi.c...
compiling stm32f10x_usart.c...
compiling stm32f10x_it.c...
compiling stm32f10x_tim.c...
compiling main.c...
compiling bsp_SysTick.c...
compiling bsp_led.c...
compiling mpu6050.c...
compiling bsp_usart.c...
compiling bsp_i2c.c...
compiling fonts.c...
compiling core_delay.c...
compiling bsp_dht11.c...
compiling bsp_ili9341_lcd.c...
linking...
Program Size: Code=13548 RO-data=15608 RW-data=124 ZI-data=8228  
FromELF: creating hex file...
"..\..\Output\MPU.axf" - 0 Error(s), 0 Warning(s).

<h2>Software Packages used:</h2>

Package Vendor: Keil
                http://www.keil.com/pack/Keil.STM32F1xx_DFP.2.3.0.pack
                Keil.STM32F1xx_DFP.2.3.0
                STMicroelectronics STM32F1 Series Device Support, Drivers and Examples

<h2>Collection of Component include folders:</h2>
  .\RTE\_MPU
  G:\keil\ARM\PACK\Keil\STM32F1xx_DFP\2.3.0\Device\Include

<h2>Collection of Component Files used:</h2>
Build Time Elapsed:  00:00:08
</pre>
</body>
</html>
